// Jest Snapshot v1, https://goo.gl/fbAQLP

exports[`default 1`] = `
"{
  \\"engines\\": {
    \\"node\\": \\"batman\\",
    \\"npm\\": \\"joker\\"
  }
}
"
`;
