// Jest Snapshot v1, https://goo.gl/fbAQLP

exports[`parser and printer should format all fixtures: basic.sql 1`] = `
"-- this is a comment
SELECT
  *
FROM
  tbl
WHERE
  foo = 'bar';

UPDATE
  a
SET
  id = 1
WHERE
  name IN (
    SELECT
      name
    FROM
      b
  )"
`;
